[      75ms] [LOG] ServiceWorker registered with scope / @ http://localhost:3000/register-sw.js:7
[     298ms] [LOG] ✅ Audio context initialized @ http://localhost:3000/_next/static/chunks/0koo9chlwjl4o.js:0
[     316ms] [LOG] ✅ Audio context initialized @ http://localhost:3000/_next/static/chunks/0koo9chlwjl4o.js:0
[     321ms] [LOG] Attempting to load audio from: http://localhost:3000/sounds/shoot.mp3 @ http://localhost:3000/_next/static/chunks/0koo9chlwjl4o.js:0
[     321ms] [LOG] Attempting to load audio from: http://localhost:3000/sounds/hit.mp3 @ http://localhost:3000/_next/static/chunks/0koo9chlwjl4o.js:0
[     321ms] [LOG] Attempting to load audio from: http://localhost:3000/sounds/miss.mp3 @ http://localhost:3000/_next/static/chunks/0koo9chlwjl4o.js:0
[     321ms] [LOG] Attempting to load audio from: http://localhost:3000/sounds/bgm.mp3 @ http://localhost:3000/_next/static/chunks/0koo9chlwjl4o.js:0
[     321ms] [LOG] Attempting to load audio from: http://localhost:3000/sounds/thruster.mp3 @ http://localhost:3000/_next/static/chunks/0koo9chlwjl4o.js:0
[     321ms] [LOG] Attempting to load audio from: http://localhost:3000/sounds/empty.mp3 @ http://localhost:3000/_next/static/chunks/0koo9chlwjl4o.js:0
[     322ms] [LOG] Attempting to load audio from: http://localhost:3000/sounds/shoot.mp3 @ http://localhost:3000/_next/static/chunks/0koo9chlwjl4o.js:0
[     322ms] [LOG] Attempting to load audio from: http://localhost:3000/sounds/hit.mp3 @ http://localhost:3000/_next/static/chunks/0koo9chlwjl4o.js:0
[     322ms] [LOG] Attempting to load audio from: http://localhost:3000/sounds/miss.mp3 @ http://localhost:3000/_next/static/chunks/0koo9chlwjl4o.js:0
[     322ms] [LOG] Attempting to load audio from: http://localhost:3000/sounds/bgm.mp3 @ http://localhost:3000/_next/static/chunks/0koo9chlwjl4o.js:0
[     322ms] [LOG] Attempting to load audio from: http://localhost:3000/sounds/thruster.mp3 @ http://localhost:3000/_next/static/chunks/0koo9chlwjl4o.js:0
[     322ms] [LOG] Attempting to load audio from: http://localhost:3000/sounds/empty.mp3 @ http://localhost:3000/_next/static/chunks/0koo9chlwjl4o.js:0
[     348ms] [WARNING] The AudioContext was not allowed to start. It must be resumed (or created) after a user gesture on the page. https://developer.chrome.com/blog/autoplay/#web_audio @ http://localhost:3000/_next/static/chunks/3e8hv6kswv95_.js:0
[     348ms] [WARNING] The AudioContext was not allowed to start. It must be resumed (or created) after a user gesture on the page. https://developer.chrome.com/blog/autoplay/#web_audio @ http://localhost:3000/_next/static/chunks/3e8hv6kswv95_.js:0
[     348ms] [WARNING] The AudioContext was not allowed to start. It must be resumed (or created) after a user gesture on the page. https://developer.chrome.com/blog/autoplay/#web_audio @ http://localhost:3000/_next/static/chunks/3e8hv6kswv95_.js:0
[     386ms] [WARNING] THREE.Clock: This module has been deprecated. Please use THREE.Timer instead. @ http://localhost:3000/_next/static/chunks/1m9yay70r86x-.js:0
[     544ms] [LOG] ✅ Audio context initialized @ http://localhost:3000/_next/static/chunks/0koo9chlwjl4o.js:0
[     545ms] [LOG] ✅ Audio context initialized @ http://localhost:3000/_next/static/chunks/0koo9chlwjl4o.js:0
[     550ms] [LOG] Attempting to load audio from: http://localhost:3000/sounds/shoot.mp3 @ http://localhost:3000/_next/static/chunks/0koo9chlwjl4o.js:0
[     550ms] [LOG] Attempting to load audio from: http://localhost:3000/sounds/hit.mp3 @ http://localhost:3000/_next/static/chunks/0koo9chlwjl4o.js:0
[     550ms] [LOG] Attempting to load audio from: http://localhost:3000/sounds/miss.mp3 @ http://localhost:3000/_next/static/chunks/0koo9chlwjl4o.js:0
[     550ms] [LOG] Attempting to load audio from: http://localhost:3000/sounds/bgm.mp3 @ http://localhost:3000/_next/static/chunks/0koo9chlwjl4o.js:0
[     551ms] [LOG] Attempting to load audio from: http://localhost:3000/sounds/thruster.mp3 @ http://localhost:3000/_next/static/chunks/0koo9chlwjl4o.js:0
[     551ms] [LOG] Attempting to load audio from: http://localhost:3000/sounds/empty.mp3 @ http://localhost:3000/_next/static/chunks/0koo9chlwjl4o.js:0
[     551ms] [LOG] Attempting to load audio from: http://localhost:3000/sounds/shoot.mp3 @ http://localhost:3000/_next/static/chunks/0koo9chlwjl4o.js:0
[     551ms] [LOG] Attempting to load audio from: http://localhost:3000/sounds/hit.mp3 @ http://localhost:3000/_next/static/chunks/0koo9chlwjl4o.js:0
[     551ms] [LOG] Attempting to load audio from: http://localhost:3000/sounds/miss.mp3 @ http://localhost:3000/_next/static/chunks/0koo9chlwjl4o.js:0
[     551ms] [LOG] Attempting to load audio from: http://localhost:3000/sounds/bgm.mp3 @ http://localhost:3000/_next/static/chunks/0koo9chlwjl4o.js:0
[     551ms] [LOG] Attempting to load audio from: http://localhost:3000/sounds/thruster.mp3 @ http://localhost:3000/_next/static/chunks/0koo9chlwjl4o.js:0
[     551ms] [LOG] Attempting to load audio from: http://localhost:3000/sounds/empty.mp3 @ http://localhost:3000/_next/static/chunks/0koo9chlwjl4o.js:0
[     858ms] [LOG] ✅ Audio context resumed before playing @ http://localhost:3000/_next/static/chunks/0koo9chlwjl4o.js:0
[     861ms] [LOG] ✅ Started background music @ http://localhost:3000/_next/static/chunks/0koo9chlwjl4o.js:0
[    6903ms] [LOG] ✅ Audio context resumed before playing @ http://localhost:3000/_next/static/chunks/0koo9chlwjl4o.js:0
[    6903ms] [LOG] ✅ Audio context resumed @ http://localhost:3000/_next/static/chunks/0koo9chlwjl4o.js:0
[    6908ms] [LOG] ✅ Played sound: miss @ http://localhost:3000/_next/static/chunks/0koo9chlwjl4o.js:0
[    6916ms] [LOG] ✅ Played sound: shoot @ http://localhost:3000/_next/static/chunks/0koo9chlwjl4o.js:0
[    6934ms] [LOG] ✅ Played sound: miss @ http://localhost:3000/_next/static/chunks/0koo9chlwjl4o.js:0
[    8127ms] [LOG] ✅ Played sound: shoot @ http://localhost:3000/_next/static/chunks/0koo9chlwjl4o.js:0
[    8413ms] [LOG] ✅ Played sound: hit @ http://localhost:3000/_next/static/chunks/0koo9chlwjl4o.js:0
[    8413ms] [LOG] ✅ Played sound: hit @ http://localhost:3000/_next/static/chunks/0koo9chlwjl4o.js:0
[    8413ms] [LOG] ✅ Played sound: hit @ http://localhost:3000/_next/static/chunks/0koo9chlwjl4o.js:0
