[     328ms] [LOG] ServiceWorker registered with scope / @ http://localhost:3000/register-sw.js:7
[   44282ms] [LOG] ✅ Audio context initialized @ http://localhost:3000/_next/static/chunks/0piar6nhkfujs.js:0
[   44288ms] [LOG] Attempting to load audio from: http://localhost:3000/sounds/shoot.mp3 @ http://localhost:3000/_next/static/chunks/0piar6nhkfujs.js:0
[   44288ms] [LOG] Attempting to load audio from: http://localhost:3000/sounds/hit.mp3 @ http://localhost:3000/_next/static/chunks/0piar6nhkfujs.js:0
[   44289ms] [LOG] Attempting to load audio from: http://localhost:3000/sounds/miss.mp3 @ http://localhost:3000/_next/static/chunks/0piar6nhkfujs.js:0
[   44289ms] [LOG] Attempting to load audio from: http://localhost:3000/sounds/bgm.mp3 @ http://localhost:3000/_next/static/chunks/0piar6nhkfujs.js:0
[   44289ms] [LOG] Attempting to load audio from: http://localhost:3000/sounds/thruster.mp3 @ http://localhost:3000/_next/static/chunks/0piar6nhkfujs.js:0
[   44289ms] [LOG] Attempting to load audio from: http://localhost:3000/sounds/empty.mp3 @ http://localhost:3000/_next/static/chunks/0piar6nhkfujs.js:0
[   44424ms] [LOG] ✅ Audio context initialized @ http://localhost:3000/_next/static/chunks/0piar6nhkfujs.js:0
[   44427ms] [LOG] Attempting to load audio from: http://localhost:3000/sounds/shoot.mp3 @ http://localhost:3000/_next/static/chunks/0piar6nhkfujs.js:0
[   44428ms] [LOG] Attempting to load audio from: http://localhost:3000/sounds/hit.mp3 @ http://localhost:3000/_next/static/chunks/0piar6nhkfujs.js:0
[   44428ms] [LOG] Attempting to load audio from: http://localhost:3000/sounds/miss.mp3 @ http://localhost:3000/_next/static/chunks/0piar6nhkfujs.js:0
[   44428ms] [LOG] Attempting to load audio from: http://localhost:3000/sounds/bgm.mp3 @ http://localhost:3000/_next/static/chunks/0piar6nhkfujs.js:0
[   44429ms] [LOG] Attempting to load audio from: http://localhost:3000/sounds/thruster.mp3 @ http://localhost:3000/_next/static/chunks/0piar6nhkfujs.js:0
[   44429ms] [LOG] Attempting to load audio from: http://localhost:3000/sounds/empty.mp3 @ http://localhost:3000/_next/static/chunks/0piar6nhkfujs.js:0
[   44493ms] [WARNING] THREE.Clock: This module has been deprecated. Please use THREE.Timer instead. @ http://localhost:3000/_next/static/chunks/1m9yay70r86x-.js:0
[   44733ms] [LOG] ✅ Audio context initialized @ http://localhost:3000/_next/static/chunks/0piar6nhkfujs.js:0
[   44734ms] [LOG] ✅ Audio context initialized @ http://localhost:3000/_next/static/chunks/0piar6nhkfujs.js:0
[   44740ms] [LOG] Attempting to load audio from: http://localhost:3000/sounds/shoot.mp3 @ http://localhost:3000/_next/static/chunks/0piar6nhkfujs.js:0
[   44740ms] [LOG] Attempting to load audio from: http://localhost:3000/sounds/hit.mp3 @ http://localhost:3000/_next/static/chunks/0piar6nhkfujs.js:0
[   44740ms] [LOG] Attempting to load audio from: http://localhost:3000/sounds/miss.mp3 @ http://localhost:3000/_next/static/chunks/0piar6nhkfujs.js:0
[   44740ms] [LOG] Attempting to load audio from: http://localhost:3000/sounds/bgm.mp3 @ http://localhost:3000/_next/static/chunks/0piar6nhkfujs.js:0
[   44740ms] [LOG] Attempting to load audio from: http://localhost:3000/sounds/thruster.mp3 @ http://localhost:3000/_next/static/chunks/0piar6nhkfujs.js:0
[   44740ms] [LOG] Attempting to load audio from: http://localhost:3000/sounds/empty.mp3 @ http://localhost:3000/_next/static/chunks/0piar6nhkfujs.js:0
[   44740ms] [LOG] Attempting to load audio from: http://localhost:3000/sounds/shoot.mp3 @ http://localhost:3000/_next/static/chunks/0piar6nhkfujs.js:0
[   44741ms] [LOG] Attempting to load audio from: http://localhost:3000/sounds/hit.mp3 @ http://localhost:3000/_next/static/chunks/0piar6nhkfujs.js:0
[   44741ms] [LOG] Attempting to load audio from: http://localhost:3000/sounds/miss.mp3 @ http://localhost:3000/_next/static/chunks/0piar6nhkfujs.js:0
[   44741ms] [LOG] Attempting to load audio from: http://localhost:3000/sounds/bgm.mp3 @ http://localhost:3000/_next/static/chunks/0piar6nhkfujs.js:0
[   44741ms] [LOG] Attempting to load audio from: http://localhost:3000/sounds/thruster.mp3 @ http://localhost:3000/_next/static/chunks/0piar6nhkfujs.js:0
[   44741ms] [LOG] Attempting to load audio from: http://localhost:3000/sounds/empty.mp3 @ http://localhost:3000/_next/static/chunks/0piar6nhkfujs.js:0
[   44885ms] [LOG] ✅ Started background music @ http://localhost:3000/_next/static/chunks/0piar6nhkfujs.js:0
